Last login: Wed May 21 10:31:37 on ttys000
(base) sakshisingh@Sakshis-MacBook-Air ~ % cd /Users/sakshisingh/Desktop
(base) sakshisingh@Sakshis-MacBook-Air Desktop % cd day2
(base) sakshisingh@Sakshis-MacBook-Air day2 % git init
Reinitialized existing Git repository in /Users/sakshisingh/Desktop/day2/.git/
(base) sakshisingh@Sakshis-MacBook-Air day2 % git branch
(base) sakshisingh@Sakshis-MacBook-Air day2 % touch demo1.txt
(base) sakshisingh@Sakshis-MacBook-Air day2 % nano demo1.txt
(base) sakshisingh@Sakshis-MacBook-Air day2 % git add demo1.txt
(base) sakshisingh@Sakshis-MacBook-Air day2 % git commit -m "first commit"
[master (root-commit) 7468ea3] first commit
 Committer: Sakshi Singh <sakshisingh@Sakshis-MacBook-Air.local>
Your name and email address were configured automatically based
on your username and hostname. Please check that they are accurate.
You can suppress this message by setting them explicitly. Run the
following command and follow the instructions in your editor to edit
your configuration file:

    git config --global --edit

After doing this, you may fix the identity used for this commit with:

    git commit --amend --reset-author

 1 file changed, 2 insertions(+)
 create mode 100644 demo1.txt
(base) sakshisingh@Sakshis-MacBook-Air day2 % git remote add origin https://github.com/Sakshis931/1234.git
(base) sakshisingh@Sakshis-MacBook-Air day2 % git push origin 
fatal: The current branch master has no upstream branch.
To push the current branch and set the remote as upstream, use

    git push --set-upstream origin master

To have this happen automatically for branches without a tracking
upstream, see 'push.autoSetupRemote' in 'git help config'.

(base) sakshisingh@Sakshis-MacBook-Air day2 %  git push --set-upstream origin master
Enumerating objects: 3, done.
Counting objects: 100% (3/3), done.
Writing objects: 100% (3/3), 253 bytes | 253.00 KiB/s, done.
Total 3 (delta 0), reused 0 (delta 0), pack-reused 0 (from 0)
To https://github.com/Sakshis931/1234.git
 * [new branch]      master -> master
branch 'master' set up to track 'origin/master'.
(base) sakshisingh@Sakshis-MacBook-Air day2 % git branch
* master
(base) sakshisingh@Sakshis-MacBook-Air day2 % git branch b1
(base) sakshisingh@Sakshis-MacBook-Air day2 % git status
On branch master
Your branch is up to date with 'origin/master'.

Untracked files:
  (use "git add <file>..." to include in what will be committed)
	.DS_Store
	day2

nothing added to commit but untracked files present (use "git add" to track)
(base) sakshisingh@Sakshis-MacBook-Air day2 % git branch
  b1
* master
(base) sakshisingh@Sakshis-MacBook-Air day2 % git branch b2
(base) sakshisingh@Sakshis-MacBook-Air day2 % git branch
  b1
  b2
* master
(base) sakshisingh@Sakshis-MacBook-Air day2 % git checkout b1
Switched to branch 'b1'
(base) sakshisingh@Sakshis-MacBook-Air day2 % touch project.txt
(base) sakshisingh@Sakshis-MacBook-Air day2 % nano project.txt

  UW PICO 5.09                                                                                File: project.txt                                                                                 Modified  

aaaaaaaaaaaaaaaaaaaaaaaaaaaaa


























































^G Get Help                      ^O WriteOut                      ^R Read File                     ^Y Prev Pg                       ^K Cut Text                      ^C Cur Pos                       
^X Exit                          ^J Justify                       ^W Where is                      ^V Next Pg                       ^U UnCut Text                    ^T To Spell                      
